src path: ..\scene_src
dst path: .
SCUI_UI_SCENE_BUTTERFLY
SCUI_UI_SCENE_BUTTERFLY_CUSTOM

SCUI_UI_SCENE_CUBE
SCUI_UI_SCENE_CUBE_CUSTOM

SCUI_UI_SCENE_LANTERN
SCUI_UI_SCENE_LANTERN_CUSTOM

SCUI_UI_SCENE_SOCCER
SCUI_UI_SCENE_SOCCER_CUSTOM

SCUI_UI_SCENE_ACTIVITY
SCUI_UI_SCENE_ACTIVITY_SCROLL
SCUI_UI_SCENE_ACTIVITY_BAR_ARC
SCUI_UI_SCENE_ACTIVITY_SCROLL_RING_BIG_3
SCUI_UI_SCENE_ACTIVITY_SCROLL_DITAIL_TITLE
SCUI_UI_SCENE_ACTIVITY_SCROLL_DITAIL_SUM
SCUI_UI_SCENE_ACTIVITY_SCROLL_DITAIL_KCAL
SCUI_UI_SCENE_ACTIVITY_SCROLL_DITAIL_STEP
SCUI_UI_SCENE_ACTIVITY_SCROLL_DITAIL_DIST
SCUI_UI_SCENE_ACTIVITY_SCROLL_BLANK

SCUI_UI_SCENE_HOME

SCUI_UI_SCENE_HR
SCUI_UI_SCENE_HR_BODY
SCUI_UI_SCENE_HR_TITLE
SCUI_UI_SCENE_HR_VALUE
SCUI_UI_SCENE_HR_UNIT
SCUI_UI_SCENE_HR_TIME
SCUI_UI_SCENE_HR_BTN_TEXT

SCUI_UI_SCENE_MINI_CARD
SCUI_UI_SCENE_MINI_CARD_BAR_ARC
SCUI_UI_SCENE_MINI_CARD_MASK

SCUI_UI_SCENE_SLEEP
SCUI_UI_SCENE_SLEEP_BODY
SCUI_UI_SCENE_SLEEP_TITLE
SCUI_UI_SCENE_SLEEP_HOUR
SCUI_UI_SCENE_SLEEP_UNIT

SCUI_UI_SCENE_SPO2
SCUI_UI_SCENE_SPO2_BODY
SCUI_UI_SCENE_SPO2_TITLE
SCUI_UI_SCENE_SPO2_VALUE
SCUI_UI_SCENE_SPO2_UNIT

SCUI_UI_SCENE_STRESS
SCUI_UI_SCENE_STRESS_BODY
SCUI_UI_SCENE_STRESS_TITLE
SCUI_UI_SCENE_STRESS_VALUE
SCUI_UI_SCENE_STRESS_LEVEL
SCUI_UI_SCENE_STRESS_TIME

SCUI_UI_SCENE_HONEYCOMB
SCUI_UI_SCENE_HONEYCOMB_SCROLL

SCUI_UI_SCENE_LIST_ARC
SCUI_UI_SCENE_LIST_ARC_SCROLL
SCUI_UI_SCENE_LIST_ARC_BAR_ARC
SCUI_UI_SCENE_LIST_ARC_MASK

SCUI_UI_SCENE_LIST_SCALE
SCUI_UI_SCENE_LIST_SCALE_BAR_ARC
SCUI_UI_SCENE_LIST_SCALE_MASK

SCUI_UI_SCENE_SPREAD
SCUI_UI_SCENE_SPREAD_CUSTOM

SCUI_UI_SCENE_THUMBWHEEL
SCUI_UI_SCENE_THUMBWHEEL_CUSTOM

SCUI_UI_SCENE_WATERFALL
SCUI_UI_SCENE_WATERFALL_SCROLL
SCUI_UI_SCENE_WATERFALL_BAR_ARC

SCUI_UI_SCENE_POPUP
SCUI_UI_SCENE_POPUP_SCALE
SCUI_UI_SCENE_POPUP_BG

SCUI_UI_SCENE_TEST_UI_BUTTON

SCUI_UI_SCENE_TEST_UI_CHART

SCUI_UI_SCENE_TEST_UI_CODE
SCUI_UI_SCENE_TEST_UI_CODE_1
SCUI_UI_SCENE_TEST_UI_CODE_2

SCUI_UI_SCENE_TEST_UI_GRAPH
SCUI_UI_SCENE_TEST_UI_GRAPH_1
SCUI_UI_SCENE_TEST_UI_GRAPH_2
SCUI_UI_SCENE_TEST_UI_GRAPH_3
SCUI_UI_SCENE_TEST_UI_GRAPH_4
SCUI_UI_SCENE_TEST_UI_GRAPH_5
SCUI_UI_SCENE_TEST_UI_GRAPH_6
SCUI_UI_SCENE_TEST_UI_GRAPH_7
SCUI_UI_SCENE_TEST_UI_GRAPH_8
SCUI_UI_SCENE_TEST_UI_GRAPH_9

SCUI_UI_SCENE_TEST_UI_ICON

SCUI_UI_SCENE_TEST_UI_INDEV_BAR
SCUI_UI_SCENE_TEST_UI_INDEV_BAR_1
SCUI_UI_SCENE_TEST_UI_INDEV_BAR_2

SCUI_UI_SCENE_TEST_UI_INDEV_ENC
SCUI_UI_SCENE_TEST_UI_INDEV_ENC_1
SCUI_UI_SCENE_TEST_UI_INDEV_ENC_2

SCUI_UI_SCENE_TEST_UI_INDEV_KEY
SCUI_UI_SCENE_TEST_UI_INDEV_KEY_1
SCUI_UI_SCENE_TEST_UI_INDEV_KEY_2

SCUI_UI_SCENE_TEST_UI_INDEV_PTR
SCUI_UI_SCENE_TEST_UI_INDEV_PTR_1
SCUI_UI_SCENE_TEST_UI_INDEV_PTR_2

SCUI_UI_SCENE_TEST_UI_LIST
SCUI_UI_SCENE_TEST_UI_LIST_SCROLL
SCUI_UI_SCENE_TEST_UI_LIST_ITEM_1
SCUI_UI_SCENE_TEST_UI_LIST_ITEM_2
SCUI_UI_SCENE_TEST_UI_LIST_ITEM_3
SCUI_UI_SCENE_TEST_UI_LIST_ITEM_4
SCUI_UI_SCENE_TEST_UI_LIST_ITEM_5
SCUI_UI_SCENE_TEST_UI_LIST_ITEM_6
SCUI_UI_SCENE_TEST_UI_LIST_ITEM_7
SCUI_UI_SCENE_TEST_UI_LIST_ITEM_8
SCUI_UI_SCENE_TEST_UI_LIST_ITEM_9
SCUI_UI_SCENE_TEST_UI_LIST_ITEM_10
SCUI_UI_SCENE_TEST_UI_LIST_ITEM_11
SCUI_UI_SCENE_TEST_UI_LIST_ITEM_12
SCUI_UI_SCENE_TEST_UI_LIST_ITEM_13
SCUI_UI_SCENE_TEST_UI_LIST_ITEM_14
SCUI_UI_SCENE_TEST_UI_LIST_ITEM_15
SCUI_UI_SCENE_TEST_UI_LIST_ITEM_16

SCUI_UI_SCENE_TEST_UI_MAIN
SCUI_UI_SCENE_TEST_UI_MAIN_HOME
SCUI_UI_SCENE_TEST_UI_MAIN_TEST

SCUI_UI_SCENE_TEST_UI_MISC

SCUI_UI_SCENE_TEST_UI_OBJECT
SCUI_UI_SCENE_TEST_UI_OBJECT_SCROLL
SCUI_UI_SCENE_TEST_UI_OBJECT_PAGE_1
SCUI_UI_SCENE_TEST_UI_OBJECT_PAGE_2
SCUI_UI_SCENE_TEST_UI_OBJECT_PAGE_3

SCUI_UI_SCENE_TEST_UI_RING
SCUI_UI_SCENE_TEST_UI_RING_CANVAS

SCUI_UI_SCENE_TEST_UI_ROLLER

SCUI_UI_SCENE_TEST_UI_SCROLL

SCUI_UI_SCENE_TEST_UI_STRING

SCUI_UI_SCENE_TEST_UI_SYMBOL
SCUI_UI_SCENE_TEST_UI_SYMBOL_CANVAS

SCUI_UI_SCENE_NONE

SCUI_UI_SCENE_NOTIFY

SCUI_UI_SCENE_QUICK_CARD

SCUI_UI_SCENE_STANDBY


scui widget parser finish
请按任意键退出...